#-----------------------------------------------------------
# Vivado v2016.2 (64-bit)
# SW Build 1577090 on Thu Jun  2 16:32:40 MDT 2016
# IP Build 1577682 on Fri Jun  3 12:00:54 MDT 2016
# Start of session at: Wed Nov 29 19:29:39 2017
# Process ID: 10720
# Current directory: C:/Users/Aaron Wubshet/Desktop/Local Final Project/Final_Project
# Command line: vivado.exe -gui_launcher_event rodinguilauncherevent10700 C:\Users\Aaron Wubshet\Desktop\Local Final Project\Final_Project\Final_Project.xpr
# Log file: C:/Users/Aaron Wubshet/Desktop/Local Final Project/Final_Project/vivado.log
# Journal file: C:/Users/Aaron Wubshet/Desktop/Local Final Project/Final_Project\vivado.jou
#-----------------------------------------------------------
start_gui
open_project {C:/Users/Aaron Wubshet/Desktop/Local Final Project/Final_Project/Final_Project.xpr}
update_compile_order -fileset sources_1
launch_runs impl_1 -to_step write_bitstream -jobs 2
wait_on_run impl_1
open_hw
connect_hw_server
open_hw_target
set_property PROGRAM.FILE {C:/Users/Aaron Wubshet/Desktop/Local Final Project/Final_Project/Final_Project.runs/impl_1/final_project.bit} [lindex [get_hw_devices] 0]
current_hw_device [lindex [get_hw_devices] 0]
refresh_hw_device -update_hw_probes false [lindex [get_hw_devices] 0]
set_property PROBES.FILE {} [lindex [get_hw_devices] 0]
set_property PROGRAM.FILE {C:/Users/Aaron Wubshet/Desktop/Local Final Project/Final_Project/Final_Project.runs/impl_1/final_project.bit} [lindex [get_hw_devices] 0]
program_hw_devices [lindex [get_hw_devices] 0]
refresh_hw_device [lindex [get_hw_devices] 0]
set_property PROBES.FILE {} [lindex [get_hw_devices] 0]
set_property PROGRAM.FILE {C:/Users/Aaron Wubshet/Desktop/Local Final Project/Final_Project/Final_Project.runs/impl_1/final_project.bit} [lindex [get_hw_devices] 0]
program_hw_devices [lindex [get_hw_devices] 0]
refresh_hw_device [lindex [get_hw_devices] 0]
set_property PROBES.FILE {} [lindex [get_hw_devices] 0]
set_property PROGRAM.FILE {C:/Users/Aaron Wubshet/Desktop/Local Final Project/Final_Project/Final_Project.runs/impl_1/final_project.bit} [lindex [get_hw_devices] 0]
program_hw_devices [lindex [get_hw_devices] 0]
refresh_hw_device [lindex [get_hw_devices] 0]
set_property PROBES.FILE {} [lindex [get_hw_devices] 0]
set_property PROGRAM.FILE {C:/Users/Aaron Wubshet/Desktop/Local Final Project/Final_Project/Final_Project.runs/impl_1/final_project.bit} [lindex [get_hw_devices] 0]
program_hw_devices [lindex [get_hw_devices] 0]
refresh_hw_device [lindex [get_hw_devices] 0]
reset_run synth_1
launch_runs impl_1 -to_step write_bitstream -jobs 2
wait_on_run impl_1
set_property PROBES.FILE {} [lindex [get_hw_devices] 0]
set_property PROGRAM.FILE {C:/Users/Aaron Wubshet/Desktop/Local Final Project/Final_Project/Final_Project.runs/impl_1/final_project.bit} [lindex [get_hw_devices] 0]
program_hw_devices [lindex [get_hw_devices] 0]
refresh_hw_device [lindex [get_hw_devices] 0]
create_ip -name fifo_generator -vendor xilinx.com -library ip -version 13.1 -module_name fifo_generator_0
set_property -dict [list CONFIG.Fifo_Implementation {Common_Clock_Distributed_RAM} CONFIG.Input_Data_Width {8} CONFIG.Input_Depth {131072} CONFIG.Valid_Flag {true} CONFIG.Write_Acknowledge_Flag {true} CONFIG.Data_Count {true} CONFIG.Output_Data_Width {8} CONFIG.Output_Depth {131072} CONFIG.Data_Count_Width {17} CONFIG.Write_Data_Count_Width {17} CONFIG.Read_Data_Count_Width {17} CONFIG.Full_Threshold_Assert_Value {131070} CONFIG.Full_Threshold_Negate_Value {131069}] [get_ips fifo_generator_0]
generate_target {instantiation_template} [get_files {{c:/Users/Aaron Wubshet/Desktop/Local Final Project/Final_Project/Final_Project.srcs/sources_1/ip/fifo_generator_0/fifo_generator_0.xci}}]
update_compile_order -fileset sources_1
set_property generate_synth_checkpoint false [get_files  {{c:/Users/Aaron Wubshet/Desktop/Local Final Project/Final_Project/Final_Project.srcs/sources_1/ip/fifo_generator_0/fifo_generator_0.xci}}]
generate_target all [get_files  {{c:/Users/Aaron Wubshet/Desktop/Local Final Project/Final_Project/Final_Project.srcs/sources_1/ip/fifo_generator_0/fifo_generator_0.xci}}]
export_ip_user_files -of_objects [get_files {{c:/Users/Aaron Wubshet/Desktop/Local Final Project/Final_Project/Final_Project.srcs/sources_1/ip/fifo_generator_0/fifo_generator_0.xci}}] -no_script -force -quiet
remove_files {{c:/Users/Aaron Wubshet/Desktop/Local Final Project/Final_Project/Final_Project.srcs/sources_1/ip/fifo_generator_0/fifo_generator_0.xci}}
file delete -force {C:/Users/Aaron Wubshet/Desktop/Local Final Project/Final_Project/Final_Project.ip_user_files/ip/fifo_generator_0}
reset_run synth_1
launch_runs impl_1 -to_step write_bitstream -jobs 2
wait_on_run impl_1
close_hw
open_hw
connect_hw_server
open_hw_target
set_property PROGRAM.FILE {C:/Users/Aaron Wubshet/Desktop/Local Final Project/Final_Project/Final_Project.runs/impl_1/final_project.bit} [lindex [get_hw_devices] 0]
current_hw_device [lindex [get_hw_devices] 0]
refresh_hw_device -update_hw_probes false [lindex [get_hw_devices] 0]
set_property PROBES.FILE {} [lindex [get_hw_devices] 0]
set_property PROGRAM.FILE {C:/Users/Aaron Wubshet/Desktop/Local Final Project/Final_Project/Final_Project.runs/impl_1/final_project.bit} [lindex [get_hw_devices] 0]
program_hw_devices [lindex [get_hw_devices] 0]
refresh_hw_device [lindex [get_hw_devices] 0]
set_property PROBES.FILE {} [lindex [get_hw_devices] 0]
set_property PROGRAM.FILE {C:/Users/Aaron Wubshet/Desktop/Local Final Project/Final_Project/Final_Project.runs/impl_1/final_project.bit} [lindex [get_hw_devices] 0]
program_hw_devices [lindex [get_hw_devices] 0]
refresh_hw_device [lindex [get_hw_devices] 0]
set_property PROBES.FILE {} [lindex [get_hw_devices] 0]
set_property PROGRAM.FILE {C:/Users/Aaron Wubshet/Desktop/Local Final Project/Final_Project/Final_Project.runs/impl_1/final_project.bit} [lindex [get_hw_devices] 0]
program_hw_devices [lindex [get_hw_devices] 0]
refresh_hw_device [lindex [get_hw_devices] 0]
reset_run synth_1
launch_runs impl_1 -to_step write_bitstream -jobs 2
wait_on_run impl_1
close_hw
open_hw
connect_hw_server
open_hw_target
set_property PROGRAM.FILE {C:/Users/Aaron Wubshet/Desktop/Local Final Project/Final_Project/Final_Project.runs/impl_1/final_project.bit} [lindex [get_hw_devices] 0]
current_hw_device [lindex [get_hw_devices] 0]
refresh_hw_device -update_hw_probes false [lindex [get_hw_devices] 0]
set_property PROBES.FILE {} [lindex [get_hw_devices] 0]
set_property PROGRAM.FILE {C:/Users/Aaron Wubshet/Desktop/Local Final Project/Final_Project/Final_Project.runs/impl_1/final_project.bit} [lindex [get_hw_devices] 0]
program_hw_devices [lindex [get_hw_devices] 0]
refresh_hw_device [lindex [get_hw_devices] 0]
set_property PROBES.FILE {} [lindex [get_hw_devices] 0]
set_property PROGRAM.FILE {C:/Users/Aaron Wubshet/Desktop/Local Final Project/Final_Project/Final_Project.runs/impl_1/final_project.bit} [lindex [get_hw_devices] 0]
program_hw_devices [lindex [get_hw_devices] 0]
refresh_hw_device [lindex [get_hw_devices] 0]
close_hw
reset_run synth_1
launch_runs impl_1 -to_step write_bitstream -jobs 2
wait_on_run impl_1
open_hw
connect_hw_server
open_hw_target
set_property PROGRAM.FILE {C:/Users/Aaron Wubshet/Desktop/Local Final Project/Final_Project/Final_Project.runs/impl_1/final_project.bit} [lindex [get_hw_devices] 0]
current_hw_device [lindex [get_hw_devices] 0]
refresh_hw_device -update_hw_probes false [lindex [get_hw_devices] 0]
set_property PROBES.FILE {} [lindex [get_hw_devices] 0]
set_property PROGRAM.FILE {C:/Users/Aaron Wubshet/Desktop/Local Final Project/Final_Project/Final_Project.runs/impl_1/final_project.bit} [lindex [get_hw_devices] 0]
program_hw_devices [lindex [get_hw_devices] 0]
refresh_hw_device [lindex [get_hw_devices] 0]
close_hw
reset_run synth_1
launch_runs impl_1 -to_step write_bitstream -jobs 2
wait_on_run impl_1
open_hw
connect_hw_server
open_hw_target
set_property PROGRAM.FILE {C:/Users/Aaron Wubshet/Desktop/Local Final Project/Final_Project/Final_Project.runs/impl_1/final_project.bit} [lindex [get_hw_devices] 0]
current_hw_device [lindex [get_hw_devices] 0]
refresh_hw_device -update_hw_probes false [lindex [get_hw_devices] 0]
set_property PROBES.FILE {} [lindex [get_hw_devices] 0]
set_property PROGRAM.FILE {C:/Users/Aaron Wubshet/Desktop/Local Final Project/Final_Project/Final_Project.runs/impl_1/final_project.bit} [lindex [get_hw_devices] 0]
program_hw_devices [lindex [get_hw_devices] 0]
refresh_hw_device [lindex [get_hw_devices] 0]
reset_run synth_1
launch_runs impl_1 -to_step write_bitstream -jobs 2
wait_on_run impl_1
set_property PROBES.FILE {} [lindex [get_hw_devices] 0]
set_property PROGRAM.FILE {C:/Users/Aaron Wubshet/Desktop/Local Final Project/Final_Project/Final_Project.runs/impl_1/final_project.bit} [lindex [get_hw_devices] 0]
program_hw_devices [lindex [get_hw_devices] 0]
refresh_hw_device [lindex [get_hw_devices] 0]
close_hw
open_hw
connect_hw_server
open_hw_target
set_property PROGRAM.FILE {C:/Users/Aaron Wubshet/Desktop/Local Final Project/Final_Project/Final_Project.runs/impl_1/final_project.bit} [lindex [get_hw_devices] 0]
current_hw_device [lindex [get_hw_devices] 0]
refresh_hw_device -update_hw_probes false [lindex [get_hw_devices] 0]
set_property PROBES.FILE {} [lindex [get_hw_devices] 0]
set_property PROGRAM.FILE {C:/Users/Aaron Wubshet/Desktop/Local Final Project/Final_Project/Final_Project.runs/impl_1/final_project.bit} [lindex [get_hw_devices] 0]
program_hw_devices [lindex [get_hw_devices] 0]
refresh_hw_device [lindex [get_hw_devices] 0]
set_property PROBES.FILE {} [lindex [get_hw_devices] 0]
set_property PROGRAM.FILE {C:/Users/Aaron Wubshet/Desktop/Local Final Project/Final_Project/Final_Project.runs/impl_1/final_project.bit} [lindex [get_hw_devices] 0]
program_hw_devices [lindex [get_hw_devices] 0]
refresh_hw_device [lindex [get_hw_devices] 0]
reset_run synth_1
launch_runs impl_1 -to_step write_bitstream -jobs 2
wait_on_run impl_1
close_hw
open_hw
connect_hw_server
open_hw_target
set_property PROGRAM.FILE {C:/Users/Aaron Wubshet/Desktop/Local Final Project/Final_Project/Final_Project.runs/impl_1/final_project.bit} [lindex [get_hw_devices] 0]
current_hw_device [lindex [get_hw_devices] 0]
refresh_hw_device -update_hw_probes false [lindex [get_hw_devices] 0]
set_property PROBES.FILE {} [lindex [get_hw_devices] 0]
set_property PROGRAM.FILE {C:/Users/Aaron Wubshet/Desktop/Local Final Project/Final_Project/Final_Project.runs/impl_1/final_project.bit} [lindex [get_hw_devices] 0]
program_hw_devices [lindex [get_hw_devices] 0]
refresh_hw_device [lindex [get_hw_devices] 0]
set_property PROBES.FILE {} [lindex [get_hw_devices] 0]
set_property PROGRAM.FILE {C:/Users/Aaron Wubshet/Desktop/Local Final Project/Final_Project/Final_Project.runs/impl_1/final_project.bit} [lindex [get_hw_devices] 0]
program_hw_devices [lindex [get_hw_devices] 0]
refresh_hw_device [lindex [get_hw_devices] 0]
