#-----------------------------------------------------------
# Vivado v2016.2 (64-bit)
# SW Build 1577090 on Thu Jun  2 16:32:40 MDT 2016
# IP Build 1577682 on Fri Jun  3 12:00:54 MDT 2016
# Start of session at: Fri Dec 08 16:52:05 2017
# Process ID: 12428
# Current directory: C:/Users/Aaron Wubshet/Desktop/FinalProjectContainer/FinalProject
# Command line: vivado.exe -gui_launcher_event rodinguilauncherevent9484 C:\Users\Aaron Wubshet\Desktop\FinalProjectContainer\FinalProject\FinalProject.xpr
# Log file: C:/Users/Aaron Wubshet/Desktop/FinalProjectContainer/FinalProject/vivado.log
# Journal file: C:/Users/Aaron Wubshet/Desktop/FinalProjectContainer/FinalProject\vivado.jou
#-----------------------------------------------------------
start_gui
open_project {C:/Users/Aaron Wubshet/Desktop/FinalProjectContainer/FinalProject/FinalProject.xpr}
update_compile_order -fileset sources_1
set_property generate_synth_checkpoint true [get_files  {{C:/Users/Aaron Wubshet/Desktop/FinalProjectContainer/FinalProject/FinalProject.srcs/sources_1/ip/ila_0/ila_0.xci}}]
generate_target all [get_files  {{C:/Users/Aaron Wubshet/Desktop/FinalProjectContainer/FinalProject/FinalProject.srcs/sources_1/ip/ila_0/ila_0.xci}}]
export_ip_user_files -of_objects [get_files {{C:/Users/Aaron Wubshet/Desktop/FinalProjectContainer/FinalProject/FinalProject.srcs/sources_1/ip/ila_0/ila_0.xci}}] -no_script -force -quiet
create_ip_run [get_files -of_objects [get_fileset sources_1] {{C:/Users/Aaron Wubshet/Desktop/FinalProjectContainer/FinalProject/FinalProject.srcs/sources_1/ip/ila_0/ila_0.xci}}]
launch_run -jobs 2 ila_0_synth_1
export_simulation -of_objects [get_files {{C:/Users/Aaron Wubshet/Desktop/FinalProjectContainer/FinalProject/FinalProject.srcs/sources_1/ip/ila_0/ila_0.xci}}] -directory {C:/Users/Aaron Wubshet/Desktop/FinalProjectContainer/FinalProject/FinalProject.ip_user_files/sim_scripts} -ip_user_files_dir {C:/Users/Aaron Wubshet/Desktop/FinalProjectContainer/FinalProject/FinalProject.ip_user_files} -ipstatic_source_dir {C:/Users/Aaron Wubshet/Desktop/FinalProjectContainer/FinalProject/FinalProject.ip_user_files/ipstatic} -force -quiet
reset_run synth_1
launch_runs impl_1 -to_step write_bitstream -jobs 2
wait_on_run impl_1
open_hw
connect_hw_server
open_hw_target
set_property PROGRAM.FILE {C:/Users/Aaron Wubshet/Desktop/FinalProjectContainer/FinalProject/FinalProject.runs/impl_1/final_project.bit} [lindex [get_hw_devices] 0]
set_property PROBES.FILE {C:/Users/Aaron Wubshet/Desktop/FinalProjectContainer/FinalProject/FinalProject.runs/impl_1/debug_nets.ltx} [lindex [get_hw_devices] 0]
current_hw_device [lindex [get_hw_devices] 0]
refresh_hw_device [lindex [get_hw_devices] 0]
set_property PROBES.FILE {C:/Users/Aaron Wubshet/Desktop/FinalProjectContainer/FinalProject/FinalProject.runs/impl_1/debug_nets.ltx} [lindex [get_hw_devices] 0]
set_property PROGRAM.FILE {C:/Users/Aaron Wubshet/Desktop/FinalProjectContainer/FinalProject/FinalProject.runs/impl_1/final_project.bit} [lindex [get_hw_devices] 0]
program_hw_devices [lindex [get_hw_devices] 0]
refresh_hw_device [lindex [get_hw_devices] 0]
display_hw_ila_data [ get_hw_ila_data hw_ila_data_1 -of_objects [get_hw_ilas -of_objects [get_hw_devices xc7a100t_0] -filter {CELL_NAME=~"audio_stuff/testing"}]]
set_property TRIGGER_COMPARE_VALUE eq1'bR [get_hw_probes audio_stuff/sd_rd -of_objects [get_hw_ilas -of_objects [get_hw_devices xc7a100t_0] -filter {CELL_NAME=~"audio_stuff/testing"}]]
run_hw_ila [get_hw_ilas -of_objects [get_hw_devices xc7a100t_0] -filter {CELL_NAME=~"audio_stuff/testing"}]
wait_on_hw_ila [get_hw_ilas -of_objects [get_hw_devices xc7a100t_0] -filter {CELL_NAME=~"audio_stuff/testing"}]
display_hw_ila_data [upload_hw_ila_data [get_hw_ilas -of_objects [get_hw_devices xc7a100t_0] -filter {CELL_NAME=~"audio_stuff/testing"}]]
set_property TRIGGER_COMPARE_VALUE eq1'bF [get_hw_probes audio_stuff/sd_rd -of_objects [get_hw_ilas -of_objects [get_hw_devices xc7a100t_0] -filter {CELL_NAME=~"audio_stuff/testing"}]]
reset_run synth_1
launch_runs impl_1 -to_step write_bitstream -jobs 2
wait_on_run impl_1
set_property PROBES.FILE {C:/Users/Aaron Wubshet/Desktop/FinalProjectContainer/FinalProject/FinalProject.runs/impl_1/debug_nets.ltx} [lindex [get_hw_devices] 0]
set_property PROGRAM.FILE {C:/Users/Aaron Wubshet/Desktop/FinalProjectContainer/FinalProject/FinalProject.runs/impl_1/final_project.bit} [lindex [get_hw_devices] 0]
program_hw_devices [lindex [get_hw_devices] 0]
refresh_hw_device [lindex [get_hw_devices] 0]
set_property PROBES.FILE {C:/Users/Aaron Wubshet/Desktop/FinalProjectContainer/FinalProject/FinalProject.runs/impl_1/debug_nets.ltx} [lindex [get_hw_devices] 0]
set_property PROGRAM.FILE {C:/Users/Aaron Wubshet/Desktop/FinalProjectContainer/FinalProject/FinalProject.runs/impl_1/final_project.bit} [lindex [get_hw_devices] 0]
program_hw_devices [lindex [get_hw_devices] 0]
refresh_hw_device [lindex [get_hw_devices] 0]
set_property PROBES.FILE {C:/Users/Aaron Wubshet/Desktop/FinalProjectContainer/FinalProject/FinalProject.runs/impl_1/debug_nets.ltx} [lindex [get_hw_devices] 0]
set_property PROGRAM.FILE {C:/Users/Aaron Wubshet/Desktop/FinalProjectContainer/FinalProject/FinalProject.runs/impl_1/final_project.bit} [lindex [get_hw_devices] 0]
program_hw_devices [lindex [get_hw_devices] 0]
refresh_hw_device [lindex [get_hw_devices] 0]
display_hw_ila_data [ get_hw_ila_data hw_ila_data_1 -of_objects [get_hw_ilas -of_objects [get_hw_devices xc7a100t_0] -filter {CELL_NAME=~"audio_stuff/testing"}]]
reset_run synth_1
launch_runs impl_1 -to_step write_bitstream -jobs 2
wait_on_run impl_1
set_property PROBES.FILE {C:/Users/Aaron Wubshet/Desktop/FinalProjectContainer/FinalProject/FinalProject.runs/impl_1/debug_nets.ltx} [lindex [get_hw_devices] 0]
set_property PROGRAM.FILE {C:/Users/Aaron Wubshet/Desktop/FinalProjectContainer/FinalProject/FinalProject.runs/impl_1/final_project.bit} [lindex [get_hw_devices] 0]
program_hw_devices [lindex [get_hw_devices] 0]
refresh_hw_device [lindex [get_hw_devices] 0]
display_hw_ila_data [ get_hw_ila_data hw_ila_data_1 -of_objects [get_hw_ilas -of_objects [get_hw_devices xc7a100t_0] -filter {CELL_NAME=~"audio_stuff/testing"}]]
